
> pdfiuh@0.1.0 test
> vitest run


[1m[7m[36m RUN [39m[27m[22m [36mv2.1.9 [39m[90mC:/Users/marco/Documents/github/pdfiuh[39m

 [32m✓[39m tests/annotation-store.test.ts [2m([22m[2m3 tests[22m[2m)[22m[90m 39[2mms[22m[39m
 [32m✓[39m tests/device-profile.test.ts [2m([22m[2m3 tests[22m[2m)[22m[90m 19[2mms[22m[39m
 [32m✓[39m tests/xfdf-export.test.ts [2m([22m[2m2 tests[22m[2m)[22m[90m 62[2mms[22m[39m

[2m Test Files [22m [1m[32m3 passed[39m[22m[90m (3)[39m
[2m      Tests [22m [1m[32m8 passed[39m[22m[90m (8)[39m
[2m   Start at [22m 23:20:39
[2m   Duration [22m 5.66s[2m (transform 390ms, setup 0ms, collect 572ms, tests 119ms, environment 10.82s, prepare 1.87s)[22m

